// Jest Snapshot v1, https://goo.gl/fbAQLP

exports[`MovieLoading should match snapshot 1`] = `
<styled.div>
  <styled.div />
  <styled.div />
  <styled.div />
  <styled.div />
  <styled.div />
  <styled.div />
  <styled.div />
  <styled.div />
  <styled.div />
  <styled.div />
</styled.div>
`;
