// Jest Snapshot v1, https://goo.gl/fbAQLP

exports[`OMDBError should match snapshot when is message is generic 1`] = `
<styled.div>
  <p>
    Error
  </p>
</styled.div>
`;
